TLC2 Version 2.19 of 08 August 2024 (rev: 5a47802)
Running breadth-first search Model-Checking with fp 106 and seed -6051223928782159073 with 2 workers on 18 cores with 3641MB heap and 64MB offheap memory (Mac OS X 27.0 aarch64, Azul Systems, Inc. 1.8.0_492 x86_64, MSBDiskFPSet, DiskStateQueue).
Parsing file /Users/maxmur/rs-key-wt-store/formal/RSKeyStore.tla
Parsing file /private/var/folders/gg/lgcg496924x384yd58t3b9180000gn/T/Naturals.tla
Semantic processing of module Naturals
Semantic processing of module RSKeyStore
Starting... (2026-09-18 12:07:57)
Computing initial states...
Computed 2 initial states...
Computed 4 initial states...
Computed 8 initial states...
Computed 16 initial states...
Computed 32 initial states...
Computed 64 initial states...
Computed 128 initial states...
Computed 256 initial states...
Computed 512 initial states...
Finished computing initial states: 1000 distinct states generated at 2026-09-18 12:07:57.
Model checking completed. No error has been found.
  Estimates of the probability that TLC did not check all reachable states
  because two distinct states had the same fingerprint:
  calculated (optimistic):  val = 6.2E-13
12460 states generated, 1000 distinct states found, 0 states left on queue.
The depth of the complete state graph search is 1.
The average outdegree of the complete state graph is 0 (minimum is 0, the maximum 0 and the 95th percentile is 0).
Finished in 00s at (2026-09-18 12:07:58)
